// Jest Snapshot v1, https://goo.gl/fbAQLP

exports[`Slider renders component 1`] = `
<div
  className="image-slider-container"
  onClick={[Function]}
>
  <div
    className="image-slider"
    style={
      Object {
        "marginLeft": "-0px",
        "width": "1496px",
      }
    }
  >
    <div
      className="slide is-active"
      style={
        Object {
          "width": 688,
        }
      }
    >
      <div
        className="slide-header"
      >
        <div
          className="slide-header--title"
        >
          Foo
        </div>
        <div
          className="slide-header--subtitle"
        >
          Foo 1
        </div>
      </div>
      <div
        className="slide-image"
      >
        <div
          style={
            Object {
              "backgroundImage": "url()",
              "backgroundPosition": "center center",
              "backgroundRepeat": "no-repeat",
              "backgroundSize": "contain",
              "height": "516px",
              "width": "100%",
            }
          }
        />
      </div>
    </div>
    <div
      className="slide is-left"
      style={
        Object {
          "width": 688,
        }
      }
    >
      <div
        className="slide-header"
      >
        <div
          className="slide-header--title"
        >
          Bar
        </div>
        <div
          className="slide-header--subtitle"
        >
          Bar 1
        </div>
      </div>
      <div
        className="slide-image"
      >
        <div
          style={
            Object {
              "backgroundImage": "url()",
              "backgroundPosition": "center center",
              "backgroundRepeat": "no-repeat",
              "backgroundSize": "contain",
              "height": "516px",
              "width": "100%",
            }
          }
        />
      </div>
    </div>
  </div>
</div>
`;
