exports[`createChildElement should return a single child element of type Image 1`] = `
<Image>
  <div
    className="image-preload-container"
    style={
      Object {
        "height": undefined,
        "width": undefined,
      }
    }>
    <img
      className="image-preload"
      onTouchEnd={[Function]}
      onTouchStart={[Function]}
      style={
        Object {
          "maxHeight": "100%",
          "maxWidth": "100%",
        }
      } />
  </div>
</Image>
`;

exports[`createChildElement should return a single child element of type Text 1`] = `
<Text
  type="p">
  <p>
    Foo
  </p>
</Text>
`;
