exports[`RouteContainer should render component 1`] = `
<div
  className="route-container">
  <RouteHeader
    align="left"
    initialBlueChannel={255}
    initialGreenChannel={255}
    initialRedChannel={255}
    isInterpolated={false} />
  <main
    className="undefined"
    role="main">
    foo
  </main>
  <RouteFooter
    color={
      Object {
        "b": 255,
        "g": 255,
        "r": 255,
      }
    } />
</div>
`;
