// Jest Snapshot v1, https://goo.gl/fbAQLP

exports[`WorkItemPress renders component 1`] = `
<Row
  className="case-study-module case-study-meta case-study-meta--press"
  defaultColumn={true}
  elementType="section"
  size="small"
>
  <ul>
    <li>
      <div
        className="case-study-link"
      >
        <a
          href="http://foo.com"
          title="Foo"
        >
          "Foo"
        </a>
      </div>
      <div />
    </li>
  </ul>
</Row>
`;
