exports[`WorkItemRoute should render component 1`] = `
<RouteContainer
  color={
    Object {
      "b": 255,
      "g": 255,
      "r": 255,
    }
  }
  defaultTheme={true}
  footer={true}
  header={true}
  isPending={true}>
  <article
    className="case-study"
    role="article">
    <WorkItemHeader
      isPending={true} />
    <div
      className="case-study-content">
      <Row
        defaultColumn={true}
        elementType="div"
        size="small">
        <div
          className="pending-marks">
          <div
            className="pending-mark" />
          <div
            className="pending-mark" />
        </div>
      </Row>
    </div>
  </article>
</RouteContainer>
`;
