exports[`WorkItemRoute should render component 1`] = `
<RouteContainer
  color="#efefef"
  defaultStyles={false}
  isPending={true}
  textColor={null}>
  <article
    role="article">
    <header
      className="case-study-header"
      style={
        Object {
          "background": "#efefef",
        }
      }>
      <Row
        defaultColumn={true}
        elementType="div"
        style={
          Object {
            "maxWidth": "100%",
          }
        }>
        <Column
          elementType="div"
          largeSize={12}
          scale="large"
          style={Object {}}>
          <Text
            style={
              Object {
                "color": undefined,
              }
            }
            type="h1">
            <div
              style={
                Object {
                  "height": "12rem",
                }
              } />
          </Text>
          <Text
            style={
              Object {
                "color": undefined,
              }
            }
            type="h2">
            <div
              style={
                Object {
                  "height": "11rem",
                }
              } />
          </Text>
        </Column>
      </Row>
      <Row
        defaultColumn={true}
        elementType="div"
        style={
          Object {
            "maxWidth": "100%",
          }
        }>
        <div
          className="case-study-cover-image"
          style={
            Object {
              "height": "60rem",
              "width": "100%",
            }
          } />
      </Row>
    </header>
  </article>
</RouteContainer>
`;
