exports[`IndexRoute should render component 1`] = `
<RouteContainer>
  <Row
    defaultColumn={true}
    elementType="div">
    <Text
      style={
        Object {
          "marginBottom": "3rem",
          "marginTop": "1rem",
        }
      }
      type="h1">
      Patrick Burtchaell is a product design intern at Facebook, studying design at Loyola University New Orleans.
    </Text>
  </Row>
  <Row
    defaultColumn={true}
    elementType="div">
    <Column
      elementType="div"
      size={8}
      style={Object {}}>
      <Text
        style={
          Object {
            "marginBottom": "3rem",
          }
        }
        type="h2">
        Previously, he worked freelance and at 
        <a
          href="">
          Fixt
        </a>
        .
      </Text>
    </Column>
  </Row>
  <Row
    defaultColumn={true}
    elementType="div">
    <Text
      style={
        Object {
          "marginBottom": "2rem",
        }
      }
      type="h3">
      Selected Works
    </Text>
  </Row>
</RouteContainer>
`;
