// Jest Snapshot v1, https://goo.gl/fbAQLP

exports[`ListViewItem should render component 1`] = `
<Column
  className="list-view-item-container"
  elementType="div"
  largeSize={6}
  scale="large"
  smallSize={12}
  style={Object {}}
>
  <div
    className="list-view-item"
  >
    <div
      className="list-view-item-title"
    />
    <div
      className="list-view-item-preview"
    >
      <div
        className="list-view-item-preview-image"
      />
    </div>
  </div>
</Column>
`;
