exports[`NotFoundRoute should render component 1`] = `
<RouteContainer
  color={
    Object {
      "b": 255,
      "g": 255,
      "r": 255,
    }
  }
  defaultTheme={true}
  footer={true}
  header={true}>
  <Row
    defaultColumn={true}
    elementType="div"
    size="default">
    <Text
      type="h1">
      Not Found
    </Text>
    <hr />
    <Text
      type="p">
      Sorry, this page does not exist.
    </Text>
  </Row>
</RouteContainer>
`;
