// Jest Snapshot v1, https://goo.gl/fbAQLP

exports[`WorkItemHire renders component 1`] = `
<div
  className="availability-container"
>
  <div
    className="availability"
  >
    <div
      className="availability-string"
    >
      <Text
        type="p"
      >
        Available starting September 2017
      </Text>
    </div>
    <div
      className="availability-buttons"
    >
      <a
        className="button button-inline"
        href="mailto:patrick@pburtchaell.com"
        target="_blank"
        title="Patrick Burtchaell on email"
      >
        Email
      </a>
      <a
        className="button button-inline"
        href="https://m.me/pburtchaell"
        target="_blank"
        title="Patrick Burtchaell on Facebook Messenger"
      >
        <Icon
          fill="#0063B5"
        />
        Messenger
      </a>
    </div>
  </div>
</div>
`;
