exports[`WorkRoute should render component 1`] = `
<RouteContainer>
  <Row
    defaultColumn={true}
    elementType="div">
    <Text
      type="h1">
      All Work
    </Text>
  </Row>
  <ListView
    isPending={true}
    itemStyle={Object {}}
    items={null}
    layoutType="GRID"
    listViewItem={[Function]} />
</RouteContainer>
`;
