exports[`AboutRoute should render component 1`] = `
<RouteContainer>
  <Row
    defaultColumn={true}
    elementType="div">
    <Column
      elementType="div"
      largeSize={9}
      scale="large"
      smallSize={12}
      style={Object {}}>
      <Text
        type="p">
        Currently, Patrick attends Loyola University New Orleans studying a Bachelor of Science in Design with Honors and expects to graduate in 2018.
      </Text>
      <Text
        type="p">
        Patrick has worked with startups around the world as a  software developer and designer. He is a cofounder and partner at Lawn Chair, a design and software development studio he founded in 2015.
      </Text>
      <Text
        style={
          Object {
            "opacity": ".3",
          }
        }
        type="p">
        <small>
          Last updated — February 2017
        </small>
        <hr />
      </Text>
    </Column>
  </Row>
  <Row
    defaultColumn={false}
    elementType="div">
    <Column
      elementType="div"
      largeSize={4}
      scale="large"
      smallSize={12}
      style={Object {}}>
      <h5>
        Clients & Companies
      </h5>
      <ul>
        <li>
          Facebook
        </li>
        <li>
          Filee
        </li>
        <li>
          Fixt
        </li>
        <li>
          Gigster
        </li>
        <li>
          Jefferson SPCA
        </li>
        <li>
          NewAperio
        </li>
      </ul>
    </Column>
    <Column
      elementType="div"
      largeSize={8}
      scale="large"
      smallSize={12}
      style={Object {}}>
      <h5>
        Personal Projects
      </h5>
      <ul>
        <li>
          <Link
            onlyActiveOnIndex={false}
            style={Object {}}
            to="/work/2015/08/segment">
            Segment
          </Link>
        </li>
        <li>
          <Link
            onlyActiveOnIndex={false}
            style={Object {}}
            to="/work/2015/08/lawnchair">
            Lawn Chair Studios
          </Link>
        </li>
      </ul>
    </Column>
    <Column
      elementType="div"
      largeSize={4}
      scale="large"
      smallSize={12}
      style={Object {}}>
      <h5>
        Connect
      </h5>
      <SocialLinks />
    </Column>
    <Column
      elementType="div"
      largeSize={8}
      scale="large"
      smallSize={12}
      style={Object {}}>
      <h5>
        Open Source Projects
      </h5>
      <ul>
        <li>
          <Link
            onlyActiveOnIndex={false}
            style={Object {}}
            to="https://github.com/pburtchaell/redux-promise-middleware">
            Redux Promise Middleware
          </Link>
        </li>
        <li>
          <Link
            onlyActiveOnIndex={false}
            style={Object {}}
            to="https://github.com/pburtchaell/react-input">
            React Input
          </Link>
        </li>
        <li>
          <Link
            onlyActiveOnIndex={false}
            style={Object {}}
            to="https://github.com/pburtchaell/react-notification">
            React Notification
          </Link>
        </li>
      </ul>
    </Column>
  </Row>
</RouteContainer>
`;
