exports[`AboutRoute should render component 1`] = `
<RouteContainer>
  <Row
    defaultColumn={true}
    elementType="div">
    <Column
      elementType="div"
      size={9}
      style={Object {}}>
      <Text
        type="p">
        Currently, Patrick attends Loyola University New Orleans studying a Bachelor of Science in Design with Honors and expects to graduate in 2018.
      </Text>
      <Text
        type="p">
        Patrick has worked with startups around the world as a  software developer and designer. He is a cofounder and partner at Lawn Chair, a design and software development studio he founded in 2015.
      </Text>
    </Column>
  </Row>
  <Row
    defaultColumn={true}
    elementType="div">
    <Column
      elementType="div"
      size={6}
      style={Object {}}>
      <SocialLinks />
    </Column>
  </Row>
</RouteContainer>
`;
