// Jest Snapshot v1, https://goo.gl/fbAQLP

exports[`SocialLinks should render component 1`] = `
<ul
  className="social-links-list"
>
  <li
    className="social-links-list-item"
  >
    <a
      className="social-links-list-item-anchor"
      href="https://facebook.com/pburtchaell"
      target="_blank"
      title="Patrick Burtchaell on Facebook"
    >
      <Icon
        fill="#0063B5"
        type="FACEBOOK"
      />
      <span
        className="about-links-list-item-label"
      >
        Facebook
      </span>
    </a>
  </li>
  <li
    className="about-links-list-item"
  >
    <a
      className="social-links-list-item-anchor"
      href="https://twitter.com/pburtchaell"
      target="_blank"
      title="Patrick Burtchaell on Twitter"
    >
      <Icon
        fill="#0063B5"
        type="TWITTER"
      />
      <span
        className="about-links-list-item-label"
      >
        Twitter
      </span>
    </a>
  </li>
  <li
    className="about-links-list-item"
  >
    <a
      className="social-links-list-item-anchor"
      href="https://github.com/pburtchaell"
      target="_blank"
      title="Patrick Burtchaell on GitHub"
    >
      <Icon
        fill="#0063B5"
        type="GITHUB"
      />
      <span
        className="about-links-list-item-label"
      >
        GitHub
      </span>
    </a>
  </li>
  <li
    className="about-links-list-item"
  >
    <a
      className="social-links-list-item-anchor"
      href="https://dribbble.com/pburtchaell"
      target="_blank"
      title="Patrick Burtchaell on Dribbble"
    >
      <Icon
        fill="#0063B5"
        type="DRIBBBLE"
      />
      <span
        className="about-links-list-item-label"
      >
        Dribbble
      </span>
    </a>
  </li>
  <li
    className="about-links-list-item"
  >
    <a
      className="social-links-list-item-anchor"
      href="mailto:patrick@pburtchaell.com"
      target="_blank"
      title="Patrick Burtchaell on Email"
    >
      <span
        className="about-links-list-item-label"
      >
        patrick@pburtchaell.com
      </span>
    </a>
  </li>
</ul>
`;
